// Jest Snapshot v1, https://goo.gl/fbAQLP

exports[`<Header/> Header renders correctly 1`] = `
<Fragment>
  <header
    className="page-header user-page__head"
  >
    <div
      className="logo"
    >
      <Link
        className="logo__link"
        to="/"
      >
        <span
          className="logo__letter logo__letter--1"
        >
          W
        </span>
        <span
          className="logo__letter logo__letter--2"
        >
          T
        </span>
        <span
          className="logo__letter logo__letter--3"
        >
          W
        </span>
      </Link>
    </div>
  </header>
</Fragment>
`;
