// Jest Snapshot v1, https://goo.gl/fbAQLP

exports[`<VideoPlayer/> WelcomeScreen renders correctly 1`] = `
<video
  autoPlay={true}
  controls={true}
  height="175"
  muted={true}
  poster="poster:path"
  src="src:path"
  width="280"
/>
`;
